[2026-04-15T12:00:01Z] START fetch_analytics
Fetching analytics for 2026-W16...
  → twitter
TWITTER_BEARER_TOKEN not set — skipping
  → instagram
INSTAGRAM_ACCESS_TOKEN not set — skipping
  → linkedin
LINKEDIN_ACCESS_TOKEN not set — skipping
  → youtube
YOUTUBE_REFRESH_TOKEN not set — skipping
  → tiktok
TIKTOK_ACCESS_TOKEN not set — skipping (app review required)
Analytics fetch complete for 2026-W16
[2026-04-15T12:00:01Z] OK fetch_analytics
[2026-04-16T12:00:01Z] START fetch_analytics
Fetching analytics for 2026-W16...
  → twitter
TWITTER_BEARER_TOKEN not set — skipping
  → instagram
INSTAGRAM_ACCESS_TOKEN not set — skipping
  → linkedin
LINKEDIN_ACCESS_TOKEN not set — skipping
  → youtube
YOUTUBE_REFRESH_TOKEN not set — skipping
  → tiktok
TIKTOK_ACCESS_TOKEN not set — skipping (app review required)
Analytics fetch complete for 2026-W16
[2026-04-16T12:00:01Z] OK fetch_analytics
[2026-04-17T12:00:02Z] START fetch_analytics
Fetching analytics for 2026-W16...
  → twitter
TWITTER_BEARER_TOKEN not set — skipping
  → instagram
INSTAGRAM_ACCESS_TOKEN not set — skipping
  → linkedin
LINKEDIN_ACCESS_TOKEN not set — skipping
  → youtube
YOUTUBE_REFRESH_TOKEN not set — skipping
  → tiktok
TIKTOK_ACCESS_TOKEN not set — skipping (app review required)
Analytics fetch complete for 2026-W16
[2026-04-17T12:00:02Z] OK fetch_analytics
[2026-04-19T12:00:01Z] START fetch_analytics
Fetching analytics for 2026-W16...
  → twitter
TWITTER_BEARER_TOKEN not set — skipping
  → instagram
INSTAGRAM_ACCESS_TOKEN not set — skipping
  → linkedin
LINKEDIN_ACCESS_TOKEN not set — skipping
  → youtube
YOUTUBE_REFRESH_TOKEN not set — skipping
  → tiktok
TIKTOK_ACCESS_TOKEN not set — skipping (app review required)
Analytics fetch complete for 2026-W16
[2026-04-19T12:00:01Z] OK fetch_analytics
[2026-04-20T12:00:01Z] START fetch_analytics
Fetching analytics for 2026-W17...
  → twitter
TWITTER_BEARER_TOKEN not set — skipping
  → instagram
INSTAGRAM_ACCESS_TOKEN not set — skipping
  → linkedin
LINKEDIN_ACCESS_TOKEN not set — skipping
  → youtube
YOUTUBE_REFRESH_TOKEN not set — skipping
  → tiktok
TIKTOK_ACCESS_TOKEN not set — skipping (app review required)
Analytics fetch complete for 2026-W17
[2026-04-20T12:00:01Z] OK fetch_analytics
[2026-04-21T12:00:01Z] START fetch_analytics
Fetching analytics for 2026-W17...
  → twitter
TWITTER_BEARER_TOKEN not set — skipping
  → instagram
INSTAGRAM_ACCESS_TOKEN not set — skipping
  → linkedin
LINKEDIN_ACCESS_TOKEN not set — skipping
  → youtube
YOUTUBE_REFRESH_TOKEN not set — skipping
  → tiktok
TIKTOK_ACCESS_TOKEN not set — skipping (app review required)
Analytics fetch complete for 2026-W17
[2026-04-21T12:00:01Z] OK fetch_analytics
[2026-04-22T12:00:01Z] START fetch_analytics
Fetching analytics for 2026-W17...
  → twitter
TWITTER_BEARER_TOKEN not set — skipping
  → instagram
INSTAGRAM_ACCESS_TOKEN not set — skipping
  → linkedin
LINKEDIN_ACCESS_TOKEN not set — skipping
  → youtube
YOUTUBE_REFRESH_TOKEN not set — skipping
  → tiktok
TIKTOK_ACCESS_TOKEN not set — skipping (app review required)
Analytics fetch complete for 2026-W17
[2026-04-22T12:00:02Z] OK fetch_analytics
[2026-04-23T12:00:01Z] START fetch_analytics
Fetching analytics for 2026-W17...
  → twitter
TWITTER_BEARER_TOKEN not set — skipping
  → instagram
INSTAGRAM_ACCESS_TOKEN not set — skipping
  → linkedin
LINKEDIN_ACCESS_TOKEN not set — skipping
  → youtube
YOUTUBE_REFRESH_TOKEN not set — skipping
  → tiktok
TIKTOK_ACCESS_TOKEN not set — skipping (app review required)
Analytics fetch complete for 2026-W17
[2026-04-23T12:00:01Z] OK fetch_analytics
[2026-04-24T12:00:01Z] START fetch_analytics
Fetching analytics for 2026-W17...
  → twitter
TWITTER_BEARER_TOKEN not set — skipping
  → instagram
INSTAGRAM_ACCESS_TOKEN not set — skipping
  → linkedin
LINKEDIN_ACCESS_TOKEN not set — skipping
  → youtube
YOUTUBE_REFRESH_TOKEN not set — skipping
  → tiktok
TIKTOK_ACCESS_TOKEN not set — skipping (app review required)
Analytics fetch complete for 2026-W17
[2026-04-24T12:00:01Z] OK fetch_analytics
[2026-04-25T12:00:01Z] START fetch_analytics
Fetching analytics for 2026-W17...
  → twitter
TWITTER_BEARER_TOKEN not set — skipping
  → instagram
INSTAGRAM_ACCESS_TOKEN not set — skipping
  → linkedin
LINKEDIN_ACCESS_TOKEN not set — skipping
  → youtube
YOUTUBE_REFRESH_TOKEN not set — skipping
  → tiktok
TIKTOK_ACCESS_TOKEN not set — skipping (app review required)
Analytics fetch complete for 2026-W17
[2026-04-25T12:00:01Z] OK fetch_analytics
[2026-04-26T12:00:01Z] START fetch_analytics
Fetching analytics for 2026-W17...
  → twitter
TWITTER_BEARER_TOKEN not set — skipping
  → instagram
INSTAGRAM_ACCESS_TOKEN not set — skipping
  → linkedin
LINKEDIN_ACCESS_TOKEN not set — skipping
  → youtube
YOUTUBE_REFRESH_TOKEN not set — skipping
  → tiktok
TIKTOK_ACCESS_TOKEN not set — skipping (app review required)
Analytics fetch complete for 2026-W17
[2026-04-26T12:00:01Z] OK fetch_analytics
[2026-04-27T12:00:01Z] START fetch_analytics
Fetching analytics for 2026-W18...
  → twitter
TWITTER_BEARER_TOKEN not set — skipping
  → instagram
INSTAGRAM_ACCESS_TOKEN not set — skipping
  → linkedin
LINKEDIN_ACCESS_TOKEN not set — skipping
  → youtube
YOUTUBE_REFRESH_TOKEN not set — skipping
  → tiktok
TIKTOK_ACCESS_TOKEN not set — skipping (app review required)
Analytics fetch complete for 2026-W18
[2026-04-27T12:00:01Z] OK fetch_analytics
[2026-04-28T12:00:01Z] START fetch_analytics
Fetching analytics for 2026-W18...
  → twitter
TWITTER_BEARER_TOKEN not set — skipping
  → instagram
INSTAGRAM_ACCESS_TOKEN not set — skipping
  → linkedin
LINKEDIN_ACCESS_TOKEN not set — skipping
  → youtube
YOUTUBE_REFRESH_TOKEN not set — skipping
  → tiktok
TIKTOK_ACCESS_TOKEN not set — skipping (app review required)
Analytics fetch complete for 2026-W18
[2026-04-28T12:00:01Z] OK fetch_analytics
[2026-04-29T12:00:01Z] START fetch_analytics
Fetching analytics for 2026-W18...
  → twitter
TWITTER_BEARER_TOKEN not set — skipping
  → instagram
INSTAGRAM_ACCESS_TOKEN not set — skipping
  → linkedin
LINKEDIN_ACCESS_TOKEN not set — skipping
  → youtube
YOUTUBE_REFRESH_TOKEN not set — skipping
  → tiktok
TIKTOK_ACCESS_TOKEN not set — skipping (app review required)
Analytics fetch complete for 2026-W18
[2026-04-29T12:00:01Z] OK fetch_analytics
[2026-04-30T12:00:01Z] START fetch_analytics
Fetching analytics for 2026-W18...
  → twitter
TWITTER_BEARER_TOKEN not set — skipping
  → instagram
INSTAGRAM_ACCESS_TOKEN not set — skipping
  → linkedin
LINKEDIN_ACCESS_TOKEN not set — skipping
  → youtube
YOUTUBE_REFRESH_TOKEN not set — skipping
  → tiktok
TIKTOK_ACCESS_TOKEN not set — skipping (app review required)
Analytics fetch complete for 2026-W18
[2026-04-30T12:00:01Z] OK fetch_analytics
[2026-05-01T12:00:01Z] START fetch_analytics
Fetching analytics for 2026-W18...
  → twitter
TWITTER_BEARER_TOKEN not set — skipping
  → instagram
INSTAGRAM_ACCESS_TOKEN not set — skipping
  → linkedin
LINKEDIN_ACCESS_TOKEN not set — skipping
  → youtube
YOUTUBE_REFRESH_TOKEN not set — skipping
  → tiktok
TIKTOK_ACCESS_TOKEN not set — skipping (app review required)
Analytics fetch complete for 2026-W18
[2026-05-01T12:00:01Z] OK fetch_analytics
[2026-05-02T12:00:01Z] START fetch_analytics
Fetching analytics for 2026-W18...
  → twitter
TWITTER_BEARER_TOKEN not set — skipping
  → instagram
INSTAGRAM_ACCESS_TOKEN not set — skipping
  → linkedin
LINKEDIN_ACCESS_TOKEN not set — skipping
  → youtube
YOUTUBE_REFRESH_TOKEN not set — skipping
  → tiktok
TIKTOK_ACCESS_TOKEN not set — skipping (app review required)
Analytics fetch complete for 2026-W18
[2026-05-02T12:00:01Z] OK fetch_analytics
[2026-05-03T12:00:01Z] START fetch_analytics
Fetching analytics for 2026-W18...
  → twitter
TWITTER_BEARER_TOKEN not set — skipping
  → instagram
INSTAGRAM_ACCESS_TOKEN not set — skipping
  → linkedin
LINKEDIN_ACCESS_TOKEN not set — skipping
  → youtube
YOUTUBE_REFRESH_TOKEN not set — skipping
  → tiktok
TIKTOK_ACCESS_TOKEN not set — skipping (app review required)
Analytics fetch complete for 2026-W18
[2026-05-03T12:00:01Z] OK fetch_analytics
[2026-05-04T12:00:01Z] START fetch_analytics
Fetching analytics for 2026-W19...
  → twitter
TWITTER_BEARER_TOKEN not set — skipping
  → instagram
INSTAGRAM_ACCESS_TOKEN not set — skipping
  → linkedin
LINKEDIN_ACCESS_TOKEN not set — skipping
  → youtube
YOUTUBE_REFRESH_TOKEN not set — skipping
  → tiktok
TIKTOK_ACCESS_TOKEN not set — skipping (app review required)
Analytics fetch complete for 2026-W19
[2026-05-04T12:00:01Z] OK fetch_analytics
[2026-05-05T12:00:01Z] START fetch_analytics
Fetching analytics for 2026-W19...
  → twitter
TWITTER_BEARER_TOKEN not set — skipping
  → instagram
INSTAGRAM_ACCESS_TOKEN not set — skipping
  → linkedin
LINKEDIN_ACCESS_TOKEN not set — skipping
  → youtube
YOUTUBE_REFRESH_TOKEN not set — skipping
  → tiktok
TIKTOK_ACCESS_TOKEN not set — skipping (app review required)
Analytics fetch complete for 2026-W19
[2026-05-05T12:00:01Z] OK fetch_analytics
[2026-05-06T12:00:01Z] START fetch_analytics
Fetching analytics for 2026-W19...
  → twitter
TWITTER_BEARER_TOKEN not set — skipping
  → instagram
INSTAGRAM_ACCESS_TOKEN not set — skipping
  → linkedin
LINKEDIN_ACCESS_TOKEN not set — skipping
  → youtube
YOUTUBE_REFRESH_TOKEN not set — skipping
  → tiktok
TIKTOK_ACCESS_TOKEN not set — skipping (app review required)
Analytics fetch complete for 2026-W19
[2026-05-06T12:00:01Z] OK fetch_analytics
[2026-05-07T12:00:01Z] START fetch_analytics
Fetching analytics for 2026-W19...
  → twitter
TWITTER_BEARER_TOKEN not set — skipping
  → instagram
INSTAGRAM_ACCESS_TOKEN not set — skipping
  → linkedin
LINKEDIN_ACCESS_TOKEN not set — skipping
  → youtube
YOUTUBE_REFRESH_TOKEN not set — skipping
  → tiktok
TIKTOK_ACCESS_TOKEN not set — skipping (app review required)
Analytics fetch complete for 2026-W19
[2026-05-07T12:00:01Z] OK fetch_analytics
[2026-05-08T12:00:01Z] START fetch_analytics
Fetching analytics for 2026-W19...
  → twitter
TWITTER_BEARER_TOKEN not set — skipping
  → instagram
INSTAGRAM_ACCESS_TOKEN not set — skipping
  → linkedin
LINKEDIN_ACCESS_TOKEN not set — skipping
  → youtube
YOUTUBE_REFRESH_TOKEN not set — skipping
  → tiktok
TIKTOK_ACCESS_TOKEN not set — skipping (app review required)
Analytics fetch complete for 2026-W19
[2026-05-08T12:00:01Z] OK fetch_analytics
[2026-05-09T12:00:01Z] START fetch_analytics
Fetching analytics for 2026-W19...
  → twitter
TWITTER_BEARER_TOKEN not set — skipping
  → instagram
INSTAGRAM_ACCESS_TOKEN not set — skipping
  → linkedin
LINKEDIN_ACCESS_TOKEN not set — skipping
  → youtube
YOUTUBE_REFRESH_TOKEN not set — skipping
  → tiktok
TIKTOK_ACCESS_TOKEN not set — skipping (app review required)
Analytics fetch complete for 2026-W19
[2026-05-09T12:00:01Z] OK fetch_analytics
[2026-05-10T12:00:01Z] START fetch_analytics
Fetching analytics for 2026-W19...
  → twitter
TWITTER_BEARER_TOKEN not set — skipping
  → instagram
INSTAGRAM_ACCESS_TOKEN not set — skipping
  → linkedin
LINKEDIN_ACCESS_TOKEN not set — skipping
  → youtube
YOUTUBE_REFRESH_TOKEN not set — skipping
  → tiktok
TIKTOK_ACCESS_TOKEN not set — skipping (app review required)
Analytics fetch complete for 2026-W19
[2026-05-10T12:00:01Z] OK fetch_analytics
